/media/agude/Seagate Portable Drive/TV/American/Avatar - The Last Airbender/[S01.E01] Avatar The Last Airbender - The Boy in the Iceberg.mp4 -> /media/agude/Seagate Portable Drive/TV/American/Avatar The Last Airbender (2005)/Season 1/Avatar The Last Airbender - S01E01 - The Boy in the Iceberg.mp4
/media/agude/Seagate Portable Drive/TV/American/Avatar - The Last Airbender/[S01.E02] Avatar The Last Airbender - The Avatar Returns.mp4 -> /media/agude/Seagate Portable Drive/TV/American/Avatar The Last Airbender (2005)/Season 1/Avatar The Last Airbender - S01E02 - The Avatar Returns.mp4
/media/agude/Seagate Portable Drive/TV/American/Avatar - The Last Airbender/[S01.E03] Avatar The Last Airbender - The Southern Air Temple.mp4 -> /media/agude/Seagate Portable Drive/TV/American/Avatar The Last Airbender (2005)/Season 1/Avatar The Last Airbender - S01E03 - The Southern Air Temple.mp4
/media/agude/Seagate Portable Drive/TV/American/Avatar - The Last Airbender/[S01.E04] Avatar The Last Airbender - The Warriors of Kyoshi.mp4 -> /media/agude/Seagate Portable Drive/TV/American/Avatar The Last Airbender (2005)/Season 1/Avatar The Last Airbender - S01E04 - The Warriors of Kyoshi.mp4
/media/agude/Seagate Portable Drive/TV/American/Avatar - The Last Airbender/[S01.E05] Avatar The Last Airbender - The King of Omashu.mp4 -> /media/agude/Seagate Portable Drive/TV/American/Avatar The Last Airbender (2005)/Season 1/Avatar The Last Airbender - S01E05 - The King of Omashu.mp4
/media/agude/Seagate Portable Drive/TV/American/Avatar - The Last Airbender/[S01.E06] Avatar The Last Airbender - Imprisoned.mp4 -> /media/agude/Seagate Portable Drive/TV/American/Avatar The Last Airbender (2005)/Season 1/Avatar The Last Airbender - S01E06 - Imprisoned.mp4
/media/agude/Seagate Portable Drive/TV/American/Avatar - The Last Airbender/[S01.E07] Avatar The Last Airbender - Winter Solstice Part 1 The Spirit World.mp4 -> /media/agude/Seagate Portable Drive/TV/American/Avatar The Last Airbender (2005)/Season 1/Avatar The Last Airbender - S01E07 - The Spirit World Winter Solstice (1).mp4
/media/agude/Seagate Portable Drive/TV/American/Avatar - The Last Airbender/[S01.E08] Avatar The Last Airbender - Winter Solstice Part 2 Avatar Roku.mp4 -> /media/agude/Seagate Portable Drive/TV/American/Avatar The Last Airbender (2005)/Season 1/Avatar The Last Airbender - S01E08 - Avatar Roku Winter Solstice (2).mp4
/media/agude/Seagate Portable Drive/TV/American/Avatar - The Last Airbender/[S01.E09] Avatar The Last Airbender - The Waterbending Scroll.mp4 -> /media/agude/Seagate Portable Drive/TV/American/Avatar The Last Airbender (2005)/Season 1/Avatar The Last Airbender - S01E09 - The Waterbending Scroll.mp4
/media/agude/Seagate Portable Drive/TV/American/Avatar - The Last Airbender/[S01.E10] Avatar The Last Airbender - Jet.mp4 -> /media/agude/Seagate Portable Drive/TV/American/Avatar The Last Airbender (2005)/Season 1/Avatar The Last Airbender - S01E10 - Jet.mp4
/media/agude/Seagate Portable Drive/TV/American/Avatar - The Last Airbender/[S01.E11] Avatar The Last Airbender - The Great Divide.mp4 -> /media/agude/Seagate Portable Drive/TV/American/Avatar The Last Airbender (2005)/Season 1/Avatar The Last Airbender - S01E11 - The Great Divide.mp4
/media/agude/Seagate Portable Drive/TV/American/Avatar - The Last Airbender/[S01.E12] Avatar The Last Airbender - The Storm.mp4 -> /media/agude/Seagate Portable Drive/TV/American/Avatar The Last Airbender (2005)/Season 1/Avatar The Last Airbender - S01E12 - The Storm.mp4
/media/agude/Seagate Portable Drive/TV/American/Avatar - The Last Airbender/[S01.E13] Avatar The Last Airbender - The Blue Spirit.mp4 -> /media/agude/Seagate Portable Drive/TV/American/Avatar The Last Airbender (2005)/Season 1/Avatar The Last Airbender - S01E13 - The Blue Spirit.mp4
/media/agude/Seagate Portable Drive/TV/American/Avatar - The Last Airbender/[S01.E14] Avatar The Last Airbender - The Fortune-Teller.mp4 -> /media/agude/Seagate Portable Drive/TV/American/Avatar The Last Airbender (2005)/Season 1/Avatar The Last Airbender - S01E14 - The Fortuneteller.mp4
/media/agude/Seagate Portable Drive/TV/American/Avatar - The Last Airbender/[S01.E15] Avatar The Last Airbender - Bato of the Water Tribe.mp4 -> /media/agude/Seagate Portable Drive/TV/American/Avatar The Last Airbender (2005)/Season 1/Avatar The Last Airbender - S01E15 - Bato of the Water Tribe.mp4
/media/agude/Seagate Portable Drive/TV/American/Avatar - The Last Airbender/[S01.E16] Avatar The Last Airbender - The Deserter.mp4 -> /media/agude/Seagate Portable Drive/TV/American/Avatar The Last Airbender (2005)/Season 1/Avatar The Last Airbender - S01E16 - The Deserter.mp4
/media/agude/Seagate Portable Drive/TV/American/Avatar - The Last Airbender/[S01.E17] Avatar The Last Airbender - The Northern Air Temple.mp4 -> /media/agude/Seagate Portable Drive/TV/American/Avatar The Last Airbender (2005)/Season 1/Avatar The Last Airbender - S01E17 - The Northern Air Temple.mp4
/media/agude/Seagate Portable Drive/TV/American/Avatar - The Last Airbender/[S01.E18] Avatar The Last Airbender - The Waterbending Master.mp4 -> /media/agude/Seagate Portable Drive/TV/American/Avatar The Last Airbender (2005)/Season 1/Avatar The Last Airbender - S01E18 - The Waterbending Master.mp4
/media/agude/Seagate Portable Drive/TV/American/Avatar - The Last Airbender/[S01.E19] Avatar The Last Airbender - The Siege of the North Part 1.mp4 -> /media/agude/Seagate Portable Drive/TV/American/Avatar The Last Airbender (2005)/Season 1/Avatar The Last Airbender - S01E19 - The Siege of the North (1).mp4
/media/agude/Seagate Portable Drive/TV/American/Avatar - The Last Airbender/[S01.E20] Avatar The Last Airbender - The Siege of the North Part 2.mp4 -> /media/agude/Seagate Portable Drive/TV/American/Avatar The Last Airbender (2005)/Season 1/Avatar The Last Airbender - S01E20 - The Siege of the North (2).mp4
/media/agude/Seagate Portable Drive/TV/American/Avatar - The Last Airbender/[S02.E01] Avatar The Last Airbender - The Avatar State.mp4 -> /media/agude/Seagate Portable Drive/TV/American/Avatar The Last Airbender (2005)/Season 2/Avatar The Last Airbender - S02E01 - The Avatar State.mp4
/media/agude/Seagate Portable Drive/TV/American/Avatar - The Last Airbender/[S02.E02] Avatar The Last Airbender - The Cave of Two Lovers.mp4 -> /media/agude/Seagate Portable Drive/TV/American/Avatar The Last Airbender (2005)/Season 2/Avatar The Last Airbender - S02E02 - The Cave of Two Lovers.mp4
/media/agude/Seagate Portable Drive/TV/American/Avatar - The Last Airbender/[S02.E03] Avatar The Last Airbender - Return to Omashu.mp4 -> /media/agude/Seagate Portable Drive/TV/American/Avatar The Last Airbender (2005)/Season 2/Avatar The Last Airbender - S02E03 - Return to Omashu.mp4
/media/agude/Seagate Portable Drive/TV/American/Avatar - The Last Airbender/[S02.E04] Avatar The Last Airbender - The Swamp.mp4 -> /media/agude/Seagate Portable Drive/TV/American/Avatar The Last Airbender (2005)/Season 2/Avatar The Last Airbender - S02E04 - The Swamp.mp4
/media/agude/Seagate Portable Drive/TV/American/Avatar - The Last Airbender/[S02.E05] Avatar The Last Airbender - Avatar Day.mp4 -> /media/agude/Seagate Portable Drive/TV/American/Avatar The Last Airbender (2005)/Season 2/Avatar The Last Airbender - S02E05 - Avatar Day.mp4
/media/agude/Seagate Portable Drive/TV/American/Avatar - The Last Airbender/[S02.E06] Avatar The Last Airbender - The Blind Bandit.mp4 -> /media/agude/Seagate Portable Drive/TV/American/Avatar The Last Airbender (2005)/Season 2/Avatar The Last Airbender - S02E06 - The Blind Bandit.mp4
/media/agude/Seagate Portable Drive/TV/American/Avatar - The Last Airbender/[S02.E07] Avatar The Last Airbender - Zuko Alone.mp4 -> /media/agude/Seagate Portable Drive/TV/American/Avatar The Last Airbender (2005)/Season 2/Avatar The Last Airbender - S02E07 - Zuko Alone.mp4
/media/agude/Seagate Portable Drive/TV/American/Avatar - The Last Airbender/[S02.E08] Avatar The Last Airbender - The Chase.mp4 -> /media/agude/Seagate Portable Drive/TV/American/Avatar The Last Airbender (2005)/Season 2/Avatar The Last Airbender - S02E08 - The Chase.mp4
/media/agude/Seagate Portable Drive/TV/American/Avatar - The Last Airbender/[S02.E09] Avatar The Last Airbender - Bitter Work.mp4 -> /media/agude/Seagate Portable Drive/TV/American/Avatar The Last Airbender (2005)/Season 2/Avatar The Last Airbender - S02E09 - Bitter Work.mp4
/media/agude/Seagate Portable Drive/TV/American/Avatar - The Last Airbender/[S02.E10] Avatar The Last Airbender - The Library.mp4 -> /media/agude/Seagate Portable Drive/TV/American/Avatar The Last Airbender (2005)/Season 2/Avatar The Last Airbender - S02E10 - The Library.mp4
/media/agude/Seagate Portable Drive/TV/American/Avatar - The Last Airbender/[S02.E11] Avatar The Last Airbender - The Desert.mp4 -> /media/agude/Seagate Portable Drive/TV/American/Avatar The Last Airbender (2005)/Season 2/Avatar The Last Airbender - S02E11 - The Desert.mp4
/media/agude/Seagate Portable Drive/TV/American/Avatar - The Last Airbender/[S02.E12] Avatar The Last Airbender - Journey to Ba Sing Se Part 1 The Serpents Pass.mp4 -> /media/agude/Seagate Portable Drive/TV/American/Avatar The Last Airbender (2005)/Season 2/Avatar The Last Airbender - S02E12 - The Serpent's Pass.mp4
/media/agude/Seagate Portable Drive/TV/American/Avatar - The Last Airbender/[S02.E13] Avatar The Last Airbender - Journey to Ba Sing Se Part 2 The Drill.mp4 -> /media/agude/Seagate Portable Drive/TV/American/Avatar The Last Airbender (2005)/Season 2/Avatar The Last Airbender - S02E13 - The Drill.mp4
/media/agude/Seagate Portable Drive/TV/American/Avatar - The Last Airbender/[S02.E14] Avatar The Last Airbender - City of Walls and Secrets.mp4 -> /media/agude/Seagate Portable Drive/TV/American/Avatar The Last Airbender (2005)/Season 2/Avatar The Last Airbender - S02E14 - City of Walls and Secrets.mp4
/media/agude/Seagate Portable Drive/TV/American/Avatar - The Last Airbender/[S02.E15] Avatar The Last Airbender - Tales of Ba Sing Se.mp4 -> /media/agude/Seagate Portable Drive/TV/American/Avatar The Last Airbender (2005)/Season 2/Avatar The Last Airbender - S02E15 - The Tales of Ba Sing Se.mp4
/media/agude/Seagate Portable Drive/TV/American/Avatar - The Last Airbender/[S02.E16] Avatar The Last Airbender - Appas Lost Days.mp4 -> /media/agude/Seagate Portable Drive/TV/American/Avatar The Last Airbender (2005)/Season 2/Avatar The Last Airbender - S02E16 - Appa's Lost Days.mp4
/media/agude/Seagate Portable Drive/TV/American/Avatar - The Last Airbender/[S02.E17] Avatar The Last Airbender - Lake Laogai.mp4 -> /media/agude/Seagate Portable Drive/TV/American/Avatar The Last Airbender (2005)/Season 2/Avatar The Last Airbender - S02E17 - Lake Laogai.mp4
/media/agude/Seagate Portable Drive/TV/American/Avatar - The Last Airbender/[S02.E18] Avatar The Last Airbender - The Earth King.mp4 -> /media/agude/Seagate Portable Drive/TV/American/Avatar The Last Airbender (2005)/Season 2/Avatar The Last Airbender - S02E18 - The Earth King.mp4
/media/agude/Seagate Portable Drive/TV/American/Avatar - The Last Airbender/[S02.E19] Avatar The Last Airbender - The Guru.mp4 -> /media/agude/Seagate Portable Drive/TV/American/Avatar The Last Airbender (2005)/Season 2/Avatar The Last Airbender - S02E19 - The Guru.mp4
/media/agude/Seagate Portable Drive/TV/American/Avatar - The Last Airbender/[S02.E20] Avatar The Last Airbender - The Crossroads of Destiny.mp4 -> /media/agude/Seagate Portable Drive/TV/American/Avatar The Last Airbender (2005)/Season 2/Avatar The Last Airbender - S02E20 - The Crossroads of Destiny.mp4
/media/agude/Seagate Portable Drive/TV/American/Avatar - The Last Airbender/[S03.E01] Avatar The Last Airbender - The Awakening.mp4 -> /media/agude/Seagate Portable Drive/TV/American/Avatar The Last Airbender (2005)/Season 3/Avatar The Last Airbender - S03E01 - The Awakening.mp4
/media/agude/Seagate Portable Drive/TV/American/Avatar - The Last Airbender/[S03.E02] Avatar The Last Airbender - The Headband.mp4 -> /media/agude/Seagate Portable Drive/TV/American/Avatar The Last Airbender (2005)/Season 3/Avatar The Last Airbender - S03E02 - The Headband.mp4
/media/agude/Seagate Portable Drive/TV/American/Avatar - The Last Airbender/[S03.E03] Avatar The Last Airbender - The Painted Lady.mp4 -> /media/agude/Seagate Portable Drive/TV/American/Avatar The Last Airbender (2005)/Season 3/Avatar The Last Airbender - S03E03 - The Painted Lady.mp4
/media/agude/Seagate Portable Drive/TV/American/Avatar - The Last Airbender/[S03.E04] Avatar The Last Airbender - Sokkas Master.mp4 -> /media/agude/Seagate Portable Drive/TV/American/Avatar The Last Airbender (2005)/Season 3/Avatar The Last Airbender - S03E04 - Sokka's Master.mp4
/media/agude/Seagate Portable Drive/TV/American/Avatar - The Last Airbender/[S03.E05] Avatar The Last Airbender - The Beach.mp4 -> /media/agude/Seagate Portable Drive/TV/American/Avatar The Last Airbender (2005)/Season 3/Avatar The Last Airbender - S03E05 - The Beach.mp4
/media/agude/Seagate Portable Drive/TV/American/Avatar - The Last Airbender/[S03.E06] Avatar The Last Airbender - The Avatar and the Firelord.mp4 -> /media/agude/Seagate Portable Drive/TV/American/Avatar The Last Airbender (2005)/Season 3/Avatar The Last Airbender - S03E06 - The Avatar and the Firelord.mp4
/media/agude/Seagate Portable Drive/TV/American/Avatar - The Last Airbender/[S03.E07] Avatar The Last Airbender - The Runaway.mp4 -> /media/agude/Seagate Portable Drive/TV/American/Avatar The Last Airbender (2005)/Season 3/Avatar The Last Airbender - S03E07 - The Runaway.mp4
/media/agude/Seagate Portable Drive/TV/American/Avatar - The Last Airbender/[S03.E08] Avatar The Last Airbender - The Puppetmaster.mp4 -> /media/agude/Seagate Portable Drive/TV/American/Avatar The Last Airbender (2005)/Season 3/Avatar The Last Airbender - S03E08 - The Puppetmaster.mp4
/media/agude/Seagate Portable Drive/TV/American/Avatar - The Last Airbender/[S03.E09] Avatar The Last Airbender - Nightmares and Daydreams.mp4 -> /media/agude/Seagate Portable Drive/TV/American/Avatar The Last Airbender (2005)/Season 3/Avatar The Last Airbender - S03E09 - Nightmares and Daydreams.mp4
/media/agude/Seagate Portable Drive/TV/American/Avatar - The Last Airbender/[S03.E10] Avatar The Last Airbender - The Day of the Black Sun Part 1.mp4 -> /media/agude/Seagate Portable Drive/TV/American/Avatar The Last Airbender (2005)/Season 3/Avatar The Last Airbender - S03E10 - The Day of Black Sun The Invasion (1).mp4
/media/agude/Seagate Portable Drive/TV/American/Avatar - The Last Airbender/[S03.E11] Avatar The Last Airbender - The Day of the Black Sun Part 2.mp4 -> /media/agude/Seagate Portable Drive/TV/American/Avatar The Last Airbender (2005)/Season 3/Avatar The Last Airbender - S03E11 - The Day of Black Sun The Eclipse (2).mp4
/media/agude/Seagate Portable Drive/TV/American/Avatar - The Last Airbender/[S03.E12] Avatar The Last Airbender - The Western Air Temple.mp4 -> /media/agude/Seagate Portable Drive/TV/American/Avatar The Last Airbender (2005)/Season 3/Avatar The Last Airbender - S03E12 - The Western Air Temple.mp4
/media/agude/Seagate Portable Drive/TV/American/Avatar - The Last Airbender/[S03.E13] Avatar The Last Airbender - The Firebending Masters.mp4 -> /media/agude/Seagate Portable Drive/TV/American/Avatar The Last Airbender (2005)/Season 3/Avatar The Last Airbender - S03E13 - The Firebending Masters.mp4
/media/agude/Seagate Portable Drive/TV/American/Avatar - The Last Airbender/[S03.E14] Avatar The Last Airbender - The Boiling Rock Part 1.mp4 -> /media/agude/Seagate Portable Drive/TV/American/Avatar The Last Airbender (2005)/Season 3/Avatar The Last Airbender - S03E14 - The Boiling Rock (1).mp4
/media/agude/Seagate Portable Drive/TV/American/Avatar - The Last Airbender/[S03.E15] Avatar The Last Airbender - The Boiling Rock Part 2.mp4 -> /media/agude/Seagate Portable Drive/TV/American/Avatar The Last Airbender (2005)/Season 3/Avatar The Last Airbender - S03E15 - The Boiling Rock (2).mp4
/media/agude/Seagate Portable Drive/TV/American/Avatar - The Last Airbender/[S03.E16] Avatar The Last Airbender - The Southern Raiders.mp4 -> /media/agude/Seagate Portable Drive/TV/American/Avatar The Last Airbender (2005)/Season 3/Avatar The Last Airbender - S03E16 - The Southern Raiders.mp4
/media/agude/Seagate Portable Drive/TV/American/Avatar - The Last Airbender/[S03.E17] Avatar The Last Airbender - The Ember Island Players (1).mp4 -> /media/agude/Seagate Portable Drive/TV/American/Avatar The Last Airbender (2005)/Season 3/Avatar The Last Airbender - S03E17 - The Ember Island Players.mp4
/media/agude/Seagate Portable Drive/TV/American/Avatar - The Last Airbender/[S03.E18] Avatar The Last Airbender - Sozins Comet Part 1 The Phoenix King.mp4 -> /media/agude/Seagate Portable Drive/TV/American/Avatar The Last Airbender (2005)/Season 3/Avatar The Last Airbender - S03E18 - Sozin's Comet The Phoenix King (1).mp4
/media/agude/Seagate Portable Drive/TV/American/Avatar - The Last Airbender/[S03.E19] Avatar The Last Airbender - Sozins Comet Part 2 The Old Masters.mp4 -> /media/agude/Seagate Portable Drive/TV/American/Avatar The Last Airbender (2005)/Season 3/Avatar The Last Airbender - S03E19 - Sozin's Comet The Old Masters (2).mp4
/media/agude/Seagate Portable Drive/TV/American/Avatar - The Last Airbender/[S03.E20] Avatar The Last Airbender - Sozins Comet Part 3 Into the Inferno.mp4 -> /media/agude/Seagate Portable Drive/TV/American/Avatar The Last Airbender (2005)/Season 3/Avatar The Last Airbender - S03E20 - Sozin's Comet Into the Inferno (3).mp4
/media/agude/Seagate Portable Drive/TV/American/Avatar - The Last Airbender/[S03.E21] Avatar The Last Airbender - Sozins Comet Part 4 Avatar Aang.mp4 -> /media/agude/Seagate Portable Drive/TV/American/Avatar The Last Airbender (2005)/Season 3/Avatar The Last Airbender - S03E21 - Sozin's Comet Avatar Aang (4).mp4
